INFO (2024-05-23 11:57:57,503): Starting bot... (Line: 45) [tempCodeRunnerFile.py]
INFO (2024-05-23 12:30:40,246): Starting bot... (Line: 45) [main.py]
INFO (2024-05-23 12:32:37,247): Starting bot... (Line: 45) [main.py]
INFO (2024-05-23 12:34:48,794): Starting bot... (Line: 45) [main.py]
INFO (2024-05-23 12:35:59,122): Starting bot... (Line: 45) [main.py]
INFO (2024-05-23 12:41:16,239): Starting bot... (Line: 45) [main.py]
INFO (2024-05-23 12:44:03,868): Starting bot... (Line: 45) [main.py]
INFO (2024-05-23 12:47:33,633): Starting bot... (Line: 45) [main.py]
INFO (2024-05-23 12:48:54,306): Starting bot... (Line: 45) [main.py]
INFO (2024-05-23 12:50:18,020): Starting bot... (Line: 45) [main.py]
INFO (2024-05-23 13:05:23,955): Starting bot... (Line: 50) [main.py]
INFO (2024-05-23 13:06:34,872): Starting bot... (Line: 50) [main.py]
INFO (2024-05-23 13:07:21,299): Starting bot... (Line: 50) [main.py]
INFO (2024-05-23 13:08:23,118): Starting bot... (Line: 50) [main.py]
INFO (2024-05-23 14:25:22,325): Starting bot... (Line: 50) [main.py]
INFO (2024-05-23 14:26:34,555): Starting bot... (Line: 50) [main.py]
INFO (2024-05-23 14:27:09,638): Starting bot... (Line: 50) [main.py]
INFO (2024-05-23 14:27:44,716): Starting bot... (Line: 50) [main.py]
INFO (2024-05-23 14:28:04,122): Starting bot... (Line: 50) [main.py]
INFO (2024-05-23 14:28:36,366): Starting bot... (Line: 50) [main.py]
INFO (2024-05-23 14:46:55,819): Starting bot... (Line: 50) [main.py]
INFO (2024-05-23 14:50:27,565): Starting bot... (Line: 50) [main.py]
INFO (2024-05-23 14:52:16,247): Starting bot... (Line: 50) [main.py]
INFO (2024-05-23 14:54:56,604): Starting bot... (Line: 50) [main.py]
INFO (2024-05-23 14:59:18,705): Starting bot... (Line: 50) [main.py]
INFO (2024-05-23 15:00:19,735): Starting bot... (Line: 50) [main.py]
INFO (2024-05-23 15:03:26,670): Starting bot... (Line: 50) [main.py]
INFO (2024-05-23 15:04:58,248): Starting bot... (Line: 50) [main.py]
INFO (2024-05-23 15:05:42,586): Starting bot... (Line: 50) [main.py]
INFO (2024-05-23 15:06:34,603): Starting bot... (Line: 50) [main.py]
INFO (2024-05-23 15:21:47,569): Starting bot... (Line: 50) [main.py]
INFO (2024-05-23 15:23:17,287): Starting bot... (Line: 50) [main.py]
INFO (2024-05-23 15:36:49,295): Starting bot... (Line: 50) [main.py]
INFO (2024-05-23 15:38:17,104): Starting bot... (Line: 50) [main.py]
INFO (2024-05-23 15:43:35,109): Starting bot... (Line: 50) [main.py]
INFO (2024-05-23 15:47:55,690): Starting bot... (Line: 50) [main.py]
INFO (2024-05-23 15:52:24,151): Starting bot... (Line: 50) [main.py]
INFO (2024-05-23 15:53:11,017): Starting bot... (Line: 50) [main.py]
INFO (2024-05-23 15:53:54,060): Starting bot... (Line: 50) [main.py]
INFO (2024-05-23 15:54:25,405): Starting bot... (Line: 50) [main.py]
INFO (2024-05-23 15:55:53,886): Starting bot... (Line: 50) [main.py]
INFO (2024-05-23 15:56:37,830): Starting bot... (Line: 50) [main.py]
INFO (2024-05-23 15:56:58,927): Starting bot... (Line: 50) [main.py]
INFO (2024-05-23 15:57:48,171): Starting bot... (Line: 50) [main.py]
INFO (2024-05-23 15:58:23,816): Starting bot... (Line: 50) [main.py]
INFO (2024-05-23 15:59:19,584): Starting bot... (Line: 50) [main.py]
INFO (2024-05-23 16:01:16,208): Starting bot... (Line: 50) [main.py]
INFO (2024-05-23 16:03:31,195): Starting bot... (Line: 50) [main.py]
INFO (2024-05-23 16:05:08,176): Starting bot... (Line: 50) [main.py]
INFO (2024-05-23 16:22:20,173): Starting bot... (Line: 50) [main.py]
INFO (2024-05-23 16:23:30,726): Starting bot... (Line: 50) [main.py]
INFO (2024-05-23 16:27:51,813): Starting bot... (Line: 50) [main.py]
INFO (2024-05-23 16:28:21,893): Starting bot... (Line: 50) [main.py]
INFO (2024-05-23 16:31:02,656): Starting bot... (Line: 50) [main.py]
INFO (2024-05-23 16:32:17,054): Starting bot... (Line: 50) [main.py]
INFO (2024-05-23 16:38:31,570): Starting bot... (Line: 50) [main.py]
INFO (2024-05-23 16:39:47,263): Starting bot... (Line: 50) [main.py]
INFO (2024-05-23 16:48:28,445): Starting bot... (Line: 50) [main.py]
INFO (2024-05-23 16:52:25,352): Starting bot... (Line: 50) [main.py]
INFO (2024-05-23 16:54:53,936): Starting bot... (Line: 50) [main.py]
INFO (2024-05-23 16:57:24,774): Starting bot... (Line: 50) [main.py]
INFO (2024-05-23 16:58:20,051): Starting bot... (Line: 50) [main.py]
INFO (2024-05-23 16:59:42,505): Starting bot... (Line: 50) [main.py]
INFO (2024-05-23 17:15:43,430): Starting bot... (Line: 50) [main.py]
INFO (2024-05-23 17:16:17,568): Starting bot... (Line: 50) [main.py]
INFO (2024-05-23 17:18:05,912): Starting bot... (Line: 50) [main.py]
INFO (2024-05-23 17:20:20,214): Starting bot... (Line: 50) [main.py]
INFO (2024-05-23 17:22:31,603): Starting bot... (Line: 50) [main.py]
INFO (2024-05-23 17:24:38,471): Starting bot... (Line: 50) [main.py]
INFO (2024-05-23 17:34:31,409): Starting bot... (Line: 50) [main.py]
INFO (2024-05-23 17:44:56,426): Starting bot... (Line: 50) [main.py]
INFO (2024-05-23 17:48:14,637): Starting bot... (Line: 50) [main.py]
INFO (2024-05-23 17:48:48,585): Starting bot... (Line: 50) [main.py]
INFO (2024-05-23 17:50:04,238): Starting bot... (Line: 50) [main.py]
INFO (2024-05-23 17:52:48,654): Starting bot... (Line: 50) [main.py]
INFO (2024-05-23 17:54:08,735): Starting bot... (Line: 50) [main.py]
INFO (2024-05-23 17:56:40,622): Starting bot... (Line: 50) [main.py]
INFO (2024-05-23 18:02:21,675): Starting bot... (Line: 50) [main.py]
INFO (2024-06-12 15:01:26,043): Starting bot... (Line: 50) [main.py]
INFO (2024-06-12 15:09:08,057): Starting bot... (Line: 50) [main.py]
INFO (2024-06-12 15:10:49,798): Starting bot... (Line: 50) [main.py]
INFO (2024-06-12 15:21:52,481): Starting bot... (Line: 50) [main.py]
INFO (2024-06-12 15:25:21,607): Starting bot... (Line: 47) [main.py]
INFO (2024-06-12 15:25:48,513): Starting bot... (Line: 47) [main.py]
INFO (2024-06-15 16:49:08,665): Starting bot... (Line: 47) [main.py]
INFO (2024-06-15 16:52:00,465): Starting bot... (Line: 47) [main.py]
INFO (2024-06-15 16:52:56,797): Starting bot... (Line: 47) [main.py]
INFO (2024-06-15 16:59:25,493): Starting bot... (Line: 47) [main.py]
INFO (2024-06-15 17:06:12,241): Starting bot... (Line: 56) [tempCodeRunnerFile.py]
INFO (2024-06-15 17:07:40,868): Starting bot... (Line: 56) [main.py]
INFO (2024-06-15 23:58:53,211): Starting bot... (Line: 50) [main.py]
INFO (2024-06-15 23:58:20,230): Starting bot... (Line: 50) [main.py]
INFO (2024-06-15 23:59:01,489): Starting bot... (Line: 50) [main.py]
INFO (2024-06-15 23:59:26,699): Starting bot... (Line: 50) [main.py]
INFO (2024-06-15 23:59:59,779): Starting bot... (Line: 50) [main.py]
INFO (2024-06-15 23:59:06,080): Starting bot... (Line: 50) [main.py]
INFO (2024-06-15 23:59:40,745): Starting bot... (Line: 50) [main.py]
INFO (2024-06-15 23:59:42,397): Starting bot... (Line: 50) [main.py]
INFO (2024-06-15 23:59:50,515): Starting bot... (Line: 50) [main.py]
INFO (2024-06-15 23:59:37,193): Starting bot... (Line: 50) [main.py]
INFO (2024-06-15 23:59:34,685): Starting bot... (Line: 50) [main.py]
INFO (2024-06-15 23:59:41,391): Starting bot... (Line: 50) [main.py]
INFO (2024-06-16 00:01:42,439): Starting bot... (Line: 50) [main.py]
INFO (2024-06-15 23:59:23,956): Starting bot... (Line: 50) [main.py]
INFO (2024-06-15 23:59:56,820): Starting bot... (Line: 50) [main.py]
INFO (2024-06-15 23:59:18,197): Starting bot... (Line: 50) [main.py]
INFO (2024-06-16 00:01:01,364): Starting bot... (Line: 50) [main.py]
INFO (2024-06-15 23:59:14,856): Starting bot... (Line: 50) [main.py]
INFO (2024-06-15 23:59:42,376): Starting bot... (Line: 50) [main.py]
INFO (2024-06-15 23:59:54,615): Starting bot... (Line: 50) [main.py]
INFO (2024-06-16 00:00:29,355): Starting bot... (Line: 50) [main.py]
INFO (2024-06-16 00:00:14,476): Starting bot... (Line: 50) [main.py]
INFO (2024-06-16 00:00:29,431): Starting bot... (Line: 50) [main.py]
INFO (2024-06-15 23:59:17,429): Starting bot... (Line: 50) [main.py]
INFO (2024-07-02 23:57:35,749): Starting bot... (Line: 50) [main.py]
INFO (2024-07-03 01:08:22,232): Starting bot... (Line: 50) [main.py]
INFO (2024-07-03 01:10:06,452): Starting bot... (Line: 50) [main.py]
INFO (2024-07-03 01:10:39,854): Starting bot... (Line: 50) [main.py]
INFO (2024-07-03 01:21:15,395): Starting bot... (Line: 50) [main.py]
INFO (2024-07-03 01:34:29,844): Starting bot... (Line: 50) [main.py]
INFO (2024-07-03 13:51:12,982): Starting bot... (Line: 50) [main.py]
INFO (2024-07-03 13:53:58,593): Starting bot... (Line: 50) [main.py]
INFO (2024-07-03 14:04:09,029): Starting bot... (Line: 50) [main.py]
INFO (2024-07-03 14:32:29,794): Starting bot... (Line: 35) [main.py]
INFO (2024-07-03 14:34:27,975): Starting bot... (Line: 35) [main.py]
INFO (2024-07-03 14:48:12,504): Starting bot... (Line: 35) [main.py]
INFO (2024-07-03 14:53:16,157): Starting bot... (Line: 35) [main.py]
INFO (2024-07-03 14:54:07,175): Starting bot... (Line: 35) [main.py]
INFO (2024-07-03 14:55:06,766): Starting bot... (Line: 35) [main.py]
